[2.910s] Invoking command in '/home/racecar/ros2_ws/src/Team10_GROS5/racecar-ros2/racecar_beacon': DEBUGINFOD_URLS=https://debuginfod.ubuntu.com PYTHONPATH=/home/racecar/ros2_ws/src/Team10_GROS5/build/racecar_beacon/prefix_override:/usr/lib/python3/dist-packages/colcon_core/task/python/colcon_distutils_commands:/home/racecar/ros2_ws/src/Team10_GROS5/install/racecar_beacon/lib/python3.12/site-packages:${PYTHONPATH} /usr/bin/python3 -W ignore:setup.py install is deprecated -W ignore:easy_install command is deprecated setup.py egg_info --egg-base ../../build/racecar_beacon build --build-base /home/racecar/ros2_ws/src/Team10_GROS5/build/racecar_beacon/build install --record /home/racecar/ros2_ws/src/Team10_GROS5/build/racecar_beacon/install.log --single-version-externally-managed install_data
[3.757s] running egg_info
[3.833s] writing ../../build/racecar_beacon/racecar_beacon.egg-info/PKG-INFO
[3.833s] writing dependency_links to ../../build/racecar_beacon/racecar_beacon.egg-info/dependency_links.txt
[3.837s] writing entry points to ../../build/racecar_beacon/racecar_beacon.egg-info/entry_points.txt
[3.838s] writing requirements to ../../build/racecar_beacon/racecar_beacon.egg-info/requires.txt
[3.840s] writing top-level names to ../../build/racecar_beacon/racecar_beacon.egg-info/top_level.txt
[3.973s] reading manifest file '../../build/racecar_beacon/racecar_beacon.egg-info/SOURCES.txt'
[3.973s] adding license file 'LICENSE'
[3.974s] writing manifest file '../../build/racecar_beacon/racecar_beacon.egg-info/SOURCES.txt'
[3.974s] running build
[3.974s] running build_py
[3.975s] copying racecar_beacon/ros_monitor.py -> /home/racecar/ros2_ws/src/Team10_GROS5/build/racecar_beacon/build/lib/racecar_beacon
[3.975s] running install
[3.986s] running install_lib
[4.019s] copying /home/racecar/ros2_ws/src/Team10_GROS5/build/racecar_beacon/build/lib/racecar_beacon/ros_monitor.py -> /home/racecar/ros2_ws/src/Team10_GROS5/install/racecar_beacon/lib/python3.12/site-packages/racecar_beacon
[4.020s] byte-compiling /home/racecar/ros2_ws/src/Team10_GROS5/install/racecar_beacon/lib/python3.12/site-packages/racecar_beacon/ros_monitor.py to ros_monitor.cpython-312.pyc
[4.023s] running install_data
[4.023s] running install_egg_info
[4.090s] removing '/home/racecar/ros2_ws/src/Team10_GROS5/install/racecar_beacon/lib/python3.12/site-packages/racecar_beacon-1.0.0-py3.12.egg-info' (and everything under it)
[4.091s] Copying ../../build/racecar_beacon/racecar_beacon.egg-info to /home/racecar/ros2_ws/src/Team10_GROS5/install/racecar_beacon/lib/python3.12/site-packages/racecar_beacon-1.0.0-py3.12.egg-info
[4.093s] running install_scripts
[4.584s] Installing lab_chat_client script to /home/racecar/ros2_ws/src/Team10_GROS5/install/racecar_beacon/lib/racecar_beacon
[4.584s] Installing lab_chat_server script to /home/racecar/ros2_ws/src/Team10_GROS5/install/racecar_beacon/lib/racecar_beacon
[4.584s] Installing lab_poll_pos script to /home/racecar/ros2_ws/src/Team10_GROS5/install/racecar_beacon/lib/racecar_beacon
[4.586s] Installing remote_client script to /home/racecar/ros2_ws/src/Team10_GROS5/install/racecar_beacon/lib/racecar_beacon
[4.587s] Installing ros_monitor script to /home/racecar/ros2_ws/src/Team10_GROS5/install/racecar_beacon/lib/racecar_beacon
[4.589s] Installing vehicle_tracker script to /home/racecar/ros2_ws/src/Team10_GROS5/install/racecar_beacon/lib/racecar_beacon
[4.592s] writing list of installed files to '/home/racecar/ros2_ws/src/Team10_GROS5/build/racecar_beacon/install.log'
[5.687s] Invoked command in '/home/racecar/ros2_ws/src/Team10_GROS5/racecar-ros2/racecar_beacon' returned '0': DEBUGINFOD_URLS=https://debuginfod.ubuntu.com PYTHONPATH=/home/racecar/ros2_ws/src/Team10_GROS5/build/racecar_beacon/prefix_override:/usr/lib/python3/dist-packages/colcon_core/task/python/colcon_distutils_commands:/home/racecar/ros2_ws/src/Team10_GROS5/install/racecar_beacon/lib/python3.12/site-packages:${PYTHONPATH} /usr/bin/python3 -W ignore:setup.py install is deprecated -W ignore:easy_install command is deprecated setup.py egg_info --egg-base ../../build/racecar_beacon build --build-base /home/racecar/ros2_ws/src/Team10_GROS5/build/racecar_beacon/build install --record /home/racecar/ros2_ws/src/Team10_GROS5/build/racecar_beacon/install.log --single-version-externally-managed install_data
