[0.884s] Invoking command in '/home/racecar/ros2_ws/src/Team10_GROS5/build/serial': CMAKE_PREFIX_PATH=${CMAKE_PREFIX_PATH}:/home/racecar/ros2_ws/install/racecar_teleop:/home/racecar/ros2_ws/install/racecar_navigation:/home/racecar/ros2_ws/install/racecar_gazebo:/home/racecar/ros2_ws/install/racecar_description:/home/racecar/ros2_ws/install/racecar_bringup:/home/racecar/ros2_ws/install/racecar_behaviors:/home/racecar/ros2_ws/install/racecar_beacon:/home/racecar/ros2_ws/install/racecar_autopilot:/opt/ros/jazzy DEBUGINFOD_URLS=https://debuginfod.ubuntu.com /usr/bin/cmake /home/racecar/ros2_ws/src/Team10_GROS5/racecar-ros2/racecar_serial/libserial -DCMAKE_INSTALL_PREFIX=/home/racecar/ros2_ws/src/Team10_GROS5/install/serial
[0.914s] -- Found ament_cmake: 2.5.4 (/opt/ros/jazzy/share/ament_cmake/cmake)
[1.441s] -- Override CMake install command with custom implementation using symlinks instead of copying resources
[1.787s] -- Configuring done (0.9s)
[1.800s] -- Generating done (0.0s)
[1.806s] -- Build files have been written to: /home/racecar/ros2_ws/src/Team10_GROS5/build/serial
[1.811s] Invoked command in '/home/racecar/ros2_ws/src/Team10_GROS5/build/serial' returned '0': CMAKE_PREFIX_PATH=${CMAKE_PREFIX_PATH}:/home/racecar/ros2_ws/install/racecar_teleop:/home/racecar/ros2_ws/install/racecar_navigation:/home/racecar/ros2_ws/install/racecar_gazebo:/home/racecar/ros2_ws/install/racecar_description:/home/racecar/ros2_ws/install/racecar_bringup:/home/racecar/ros2_ws/install/racecar_behaviors:/home/racecar/ros2_ws/install/racecar_beacon:/home/racecar/ros2_ws/install/racecar_autopilot:/opt/ros/jazzy DEBUGINFOD_URLS=https://debuginfod.ubuntu.com /usr/bin/cmake /home/racecar/ros2_ws/src/Team10_GROS5/racecar-ros2/racecar_serial/libserial -DCMAKE_INSTALL_PREFIX=/home/racecar/ros2_ws/src/Team10_GROS5/install/serial
[1.813s] Invoking command in '/home/racecar/ros2_ws/src/Team10_GROS5/build/serial': CMAKE_PREFIX_PATH=${CMAKE_PREFIX_PATH}:/home/racecar/ros2_ws/install/racecar_teleop:/home/racecar/ros2_ws/install/racecar_navigation:/home/racecar/ros2_ws/install/racecar_gazebo:/home/racecar/ros2_ws/install/racecar_description:/home/racecar/ros2_ws/install/racecar_bringup:/home/racecar/ros2_ws/install/racecar_behaviors:/home/racecar/ros2_ws/install/racecar_beacon:/home/racecar/ros2_ws/install/racecar_autopilot:/opt/ros/jazzy DEBUGINFOD_URLS=https://debuginfod.ubuntu.com /usr/bin/cmake --build /home/racecar/ros2_ws/src/Team10_GROS5/build/serial -- -j4 -l4
[2.006s] [100%] Built target serial
[2.035s] Invoked command in '/home/racecar/ros2_ws/src/Team10_GROS5/build/serial' returned '0': CMAKE_PREFIX_PATH=${CMAKE_PREFIX_PATH}:/home/racecar/ros2_ws/install/racecar_teleop:/home/racecar/ros2_ws/install/racecar_navigation:/home/racecar/ros2_ws/install/racecar_gazebo:/home/racecar/ros2_ws/install/racecar_description:/home/racecar/ros2_ws/install/racecar_bringup:/home/racecar/ros2_ws/install/racecar_behaviors:/home/racecar/ros2_ws/install/racecar_beacon:/home/racecar/ros2_ws/install/racecar_autopilot:/opt/ros/jazzy DEBUGINFOD_URLS=https://debuginfod.ubuntu.com /usr/bin/cmake --build /home/racecar/ros2_ws/src/Team10_GROS5/build/serial -- -j4 -l4
[2.079s] Invoking command in '/home/racecar/ros2_ws/src/Team10_GROS5/build/serial': CMAKE_PREFIX_PATH=${CMAKE_PREFIX_PATH}:/home/racecar/ros2_ws/install/racecar_teleop:/home/racecar/ros2_ws/install/racecar_navigation:/home/racecar/ros2_ws/install/racecar_gazebo:/home/racecar/ros2_ws/install/racecar_description:/home/racecar/ros2_ws/install/racecar_bringup:/home/racecar/ros2_ws/install/racecar_behaviors:/home/racecar/ros2_ws/install/racecar_beacon:/home/racecar/ros2_ws/install/racecar_autopilot:/opt/ros/jazzy DEBUGINFOD_URLS=https://debuginfod.ubuntu.com /usr/bin/cmake --install /home/racecar/ros2_ws/src/Team10_GROS5/build/serial
[2.123s] -- Install configuration: ""
[2.126s] -- Execute custom install script
[2.127s] -- Up-to-date symlink: /home/racecar/ros2_ws/src/Team10_GROS5/install/serial/share/serial/environment/library_path.sh
[2.128s] -- Up-to-date symlink: /home/racecar/ros2_ws/src/Team10_GROS5/install/serial/share/serial/environment/library_path.dsv
[2.130s] -- Up-to-date symlink: /home/racecar/ros2_ws/src/Team10_GROS5/install/serial/lib/libserial.a
[2.130s] -- Up-to-date symlink: /home/racecar/ros2_ws/src/Team10_GROS5/install/serial/include/serial/serial.h
[2.132s] -- Up-to-date symlink: /home/racecar/ros2_ws/src/Team10_GROS5/install/serial/include/serial/v8stdint.h
[2.132s] -- Up-to-date symlink: /home/racecar/ros2_ws/src/Team10_GROS5/install/serial/share/ament_index/resource_index/package_run_dependencies/serial
[2.132s] -- Up-to-date symlink: /home/racecar/ros2_ws/src/Team10_GROS5/install/serial/share/ament_index/resource_index/parent_prefix_path/serial
[2.133s] -- Up-to-date symlink: /home/racecar/ros2_ws/src/Team10_GROS5/install/serial/share/serial/environment/ament_prefix_path.sh
[2.134s] -- Up-to-date symlink: /home/racecar/ros2_ws/src/Team10_GROS5/install/serial/share/serial/environment/ament_prefix_path.dsv
[2.134s] -- Up-to-date symlink: /home/racecar/ros2_ws/src/Team10_GROS5/install/serial/share/serial/environment/path.sh
[2.135s] -- Up-to-date symlink: /home/racecar/ros2_ws/src/Team10_GROS5/install/serial/share/serial/environment/path.dsv
[2.136s] -- Up-to-date symlink: /home/racecar/ros2_ws/src/Team10_GROS5/install/serial/share/serial/local_setup.bash
[2.136s] -- Up-to-date symlink: /home/racecar/ros2_ws/src/Team10_GROS5/install/serial/share/serial/local_setup.sh
[2.137s] -- Up-to-date symlink: /home/racecar/ros2_ws/src/Team10_GROS5/install/serial/share/serial/local_setup.zsh
[2.138s] -- Up-to-date symlink: /home/racecar/ros2_ws/src/Team10_GROS5/install/serial/share/serial/local_setup.dsv
[2.138s] -- Symlinking: /home/racecar/ros2_ws/src/Team10_GROS5/install/serial/share/serial/package.dsv
[2.162s] -- Up-to-date symlink: /home/racecar/ros2_ws/src/Team10_GROS5/install/serial/share/ament_index/resource_index/packages/serial
[2.163s] -- Up-to-date symlink: /home/racecar/ros2_ws/src/Team10_GROS5/install/serial/share/serial/cmake/ament_cmake_export_include_directories-extras.cmake
[2.164s] -- Up-to-date symlink: /home/racecar/ros2_ws/src/Team10_GROS5/install/serial/share/serial/cmake/ament_cmake_export_libraries-extras.cmake
[2.165s] -- Up-to-date symlink: /home/racecar/ros2_ws/src/Team10_GROS5/install/serial/share/serial/cmake/serialConfig.cmake
[2.166s] -- Up-to-date symlink: /home/racecar/ros2_ws/src/Team10_GROS5/install/serial/share/serial/cmake/serialConfig-version.cmake
[2.166s] -- Up-to-date symlink: /home/racecar/ros2_ws/src/Team10_GROS5/install/serial/share/serial/package.xml
[2.177s] Invoked command in '/home/racecar/ros2_ws/src/Team10_GROS5/build/serial' returned '0': CMAKE_PREFIX_PATH=${CMAKE_PREFIX_PATH}:/home/racecar/ros2_ws/install/racecar_teleop:/home/racecar/ros2_ws/install/racecar_navigation:/home/racecar/ros2_ws/install/racecar_gazebo:/home/racecar/ros2_ws/install/racecar_description:/home/racecar/ros2_ws/install/racecar_bringup:/home/racecar/ros2_ws/install/racecar_behaviors:/home/racecar/ros2_ws/install/racecar_beacon:/home/racecar/ros2_ws/install/racecar_autopilot:/opt/ros/jazzy DEBUGINFOD_URLS=https://debuginfod.ubuntu.com /usr/bin/cmake --install /home/racecar/ros2_ws/src/Team10_GROS5/build/serial
