[2.863s] Invoking command in '/home/racecar/ros2_ws/src/Team10_GROS5/racecar-ros2/racecar_teleop': DEBUGINFOD_URLS=https://debuginfod.ubuntu.com PYTHONPATH=/home/racecar/ros2_ws/src/Team10_GROS5/build/racecar_teleop/prefix_override:/usr/lib/python3/dist-packages/colcon_core/task/python/colcon_distutils_commands:/home/racecar/ros2_ws/src/Team10_GROS5/install/racecar_teleop/lib/python3.12/site-packages:${PYTHONPATH} /usr/bin/python3 -W ignore:setup.py install is deprecated -W ignore:easy_install command is deprecated setup.py egg_info --egg-base ../../build/racecar_teleop build --build-base /home/racecar/ros2_ws/src/Team10_GROS5/build/racecar_teleop/build install --record /home/racecar/ros2_ws/src/Team10_GROS5/build/racecar_teleop/install.log --single-version-externally-managed install_data
[3.634s] running egg_info
[3.676s] writing ../../build/racecar_teleop/racecar_teleop.egg-info/PKG-INFO
[3.676s] writing dependency_links to ../../build/racecar_teleop/racecar_teleop.egg-info/dependency_links.txt
[3.678s] writing entry points to ../../build/racecar_teleop/racecar_teleop.egg-info/entry_points.txt
[3.678s] writing requirements to ../../build/racecar_teleop/racecar_teleop.egg-info/requires.txt
[3.679s] writing top-level names to ../../build/racecar_teleop/racecar_teleop.egg-info/top_level.txt
[3.809s] reading manifest file '../../build/racecar_teleop/racecar_teleop.egg-info/SOURCES.txt'
[3.810s] writing manifest file '../../build/racecar_teleop/racecar_teleop.egg-info/SOURCES.txt'
[3.810s] running build
[3.810s] running build_py
[3.811s] running install
[3.821s] running install_lib
[3.857s] running install_data
[3.857s] running install_egg_info
[3.912s] removing '/home/racecar/ros2_ws/src/Team10_GROS5/install/racecar_teleop/lib/python3.12/site-packages/racecar_teleop-0.0.0-py3.12.egg-info' (and everything under it)
[3.914s] Copying ../../build/racecar_teleop/racecar_teleop.egg-info to /home/racecar/ros2_ws/src/Team10_GROS5/install/racecar_teleop/lib/python3.12/site-packages/racecar_teleop-0.0.0-py3.12.egg-info
[3.918s] running install_scripts
[4.272s] Installing slash_teleop script to /home/racecar/ros2_ws/src/Team10_GROS5/install/racecar_teleop/lib/racecar_teleop
[4.273s] writing list of installed files to '/home/racecar/ros2_ws/src/Team10_GROS5/build/racecar_teleop/install.log'
[4.407s] Invoked command in '/home/racecar/ros2_ws/src/Team10_GROS5/racecar-ros2/racecar_teleop' returned '0': DEBUGINFOD_URLS=https://debuginfod.ubuntu.com PYTHONPATH=/home/racecar/ros2_ws/src/Team10_GROS5/build/racecar_teleop/prefix_override:/usr/lib/python3/dist-packages/colcon_core/task/python/colcon_distutils_commands:/home/racecar/ros2_ws/src/Team10_GROS5/install/racecar_teleop/lib/python3.12/site-packages:${PYTHONPATH} /usr/bin/python3 -W ignore:setup.py install is deprecated -W ignore:easy_install command is deprecated setup.py egg_info --egg-base ../../build/racecar_teleop build --build-base /home/racecar/ros2_ws/src/Team10_GROS5/build/racecar_teleop/build install --record /home/racecar/ros2_ws/src/Team10_GROS5/build/racecar_teleop/install.log --single-version-externally-managed install_data
