running develop
running egg_info
writing racecar_bringup.egg-info/PKG-INFO
writing dependency_links to racecar_bringup.egg-info/dependency_links.txt
writing entry points to racecar_bringup.egg-info/entry_points.txt
writing requirements to racecar_bringup.egg-info/requires.txt
writing top-level names to racecar_bringup.egg-info/top_level.txt
reading manifest file 'racecar_bringup.egg-info/SOURCES.txt'
writing manifest file 'racecar_bringup.egg-info/SOURCES.txt'
running build_ext
Creating /home/racecar/ros2_ws/src/Team10_GROS5/install/racecar_bringup/lib/python3.12/site-packages/racecar-bringup.egg-link (link to .)
Installing arduino_sensors script to /home/racecar/ros2_ws/src/Team10_GROS5/install/racecar_bringup/lib/racecar_bringup
Installing cmd_vel_arbitration script to /home/racecar/ros2_ws/src/Team10_GROS5/install/racecar_bringup/lib/racecar_bringup
Installing test script to /home/racecar/ros2_ws/src/Team10_GROS5/install/racecar_bringup/lib/racecar_bringup

Installed /home/racecar/ros2_ws/src/Team10_GROS5/build/racecar_bringup
running symlink_data
symbolically linking /home/racecar/ros2_ws/src/Team10_GROS5/build/racecar_bringup/resource/racecar_bringup -> /home/racecar/ros2_ws/src/Team10_GROS5/install/racecar_bringup/share/ament_index/resource_index/packages
symbolically linking /home/racecar/ros2_ws/src/Team10_GROS5/build/racecar_bringup/package.xml -> /home/racecar/ros2_ws/src/Team10_GROS5/install/racecar_bringup/share/racecar_bringup
symbolically linking /home/racecar/ros2_ws/src/Team10_GROS5/build/racecar_bringup/launch/GRO520.launch.py -> /home/racecar/ros2_ws/src/Team10_GROS5/install/racecar_bringup/share/racecar_bringup/launch
symbolically linking /home/racecar/ros2_ws/src/Team10_GROS5/build/racecar_bringup/launch/GRO830.launch.py -> /home/racecar/ros2_ws/src/Team10_GROS5/install/racecar_bringup/share/racecar_bringup/launch
symbolically linking /home/racecar/ros2_ws/src/Team10_GROS5/build/racecar_bringup/launch/teleop.launch.py -> /home/racecar/ros2_ws/src/Team10_GROS5/install/racecar_bringup/share/racecar_bringup/launch
symbolically linking /home/racecar/ros2_ws/src/Team10_GROS5/build/racecar_bringup/launch/GRO525.launch.py -> /home/racecar/ros2_ws/src/Team10_GROS5/install/racecar_bringup/share/racecar_bringup/launch
symbolically linking /home/racecar/ros2_ws/src/Team10_GROS5/build/racecar_bringup/launch/GRO501_P2.launch.py -> /home/racecar/ros2_ws/src/Team10_GROS5/install/racecar_bringup/share/racecar_bringup/launch
symbolically linking /home/racecar/ros2_ws/src/Team10_GROS5/build/racecar_bringup/launch/GRO501_P1.launch.py -> /home/racecar/ros2_ws/src/Team10_GROS5/install/racecar_bringup/share/racecar_bringup/launch
symbolically linking /home/racecar/ros2_ws/src/Team10_GROS5/build/racecar_bringup/launch/bringup.launch.py -> /home/racecar/ros2_ws/src/Team10_GROS5/install/racecar_bringup/share/racecar_bringup/launch
symbolically linking /home/racecar/ros2_ws/src/Team10_GROS5/build/racecar_bringup/launch/rviz.launch.py -> /home/racecar/ros2_ws/src/Team10_GROS5/install/racecar_bringup/share/racecar_bringup/launch
