[3.596s] Invoking command in '/home/racecar/ros2_ws/src/Team10_GROS5/build/racecar_bringup': DEBUGINFOD_URLS=https://debuginfod.ubuntu.com PYTHONPATH=/home/racecar/ros2_ws/src/Team10_GROS5/build/racecar_bringup/prefix_override:/usr/lib/python3/dist-packages/colcon_core/task/python/colcon_distutils_commands:/home/racecar/ros2_ws/src/Team10_GROS5/install/racecar_bringup/lib/python3.12/site-packages:${PYTHONPATH} /usr/bin/python3 -W ignore:setup.py install is deprecated -W ignore:easy_install command is deprecated setup.py develop --editable --build-directory /home/racecar/ros2_ws/src/Team10_GROS5/build/racecar_bringup/build --no-deps symlink_data --force
[4.592s] running develop
[5.141s] running egg_info
[5.178s] writing racecar_bringup.egg-info/PKG-INFO
[5.179s] writing dependency_links to racecar_bringup.egg-info/dependency_links.txt
[5.199s] writing entry points to racecar_bringup.egg-info/entry_points.txt
[5.200s] writing requirements to racecar_bringup.egg-info/requires.txt
[5.200s] writing top-level names to racecar_bringup.egg-info/top_level.txt
[5.335s] reading manifest file 'racecar_bringup.egg-info/SOURCES.txt'
[5.335s] writing manifest file 'racecar_bringup.egg-info/SOURCES.txt'
[5.516s] running build_ext
[5.516s] Creating /home/racecar/ros2_ws/src/Team10_GROS5/install/racecar_bringup/lib/python3.12/site-packages/racecar-bringup.egg-link (link to .)
[5.528s] Installing arduino_sensors script to /home/racecar/ros2_ws/src/Team10_GROS5/install/racecar_bringup/lib/racecar_bringup
[5.528s] Installing cmd_vel_arbitration script to /home/racecar/ros2_ws/src/Team10_GROS5/install/racecar_bringup/lib/racecar_bringup
[5.533s] Installing test script to /home/racecar/ros2_ws/src/Team10_GROS5/install/racecar_bringup/lib/racecar_bringup
[5.533s] 
[5.534s] Installed /home/racecar/ros2_ws/src/Team10_GROS5/build/racecar_bringup
[5.534s] running symlink_data
[5.534s] symbolically linking /home/racecar/ros2_ws/src/Team10_GROS5/build/racecar_bringup/resource/racecar_bringup -> /home/racecar/ros2_ws/src/Team10_GROS5/install/racecar_bringup/share/ament_index/resource_index/packages
[5.542s] symbolically linking /home/racecar/ros2_ws/src/Team10_GROS5/build/racecar_bringup/package.xml -> /home/racecar/ros2_ws/src/Team10_GROS5/install/racecar_bringup/share/racecar_bringup
[5.542s] symbolically linking /home/racecar/ros2_ws/src/Team10_GROS5/build/racecar_bringup/launch/GRO520.launch.py -> /home/racecar/ros2_ws/src/Team10_GROS5/install/racecar_bringup/share/racecar_bringup/launch
[5.542s] symbolically linking /home/racecar/ros2_ws/src/Team10_GROS5/build/racecar_bringup/launch/GRO830.launch.py -> /home/racecar/ros2_ws/src/Team10_GROS5/install/racecar_bringup/share/racecar_bringup/launch
[5.542s] symbolically linking /home/racecar/ros2_ws/src/Team10_GROS5/build/racecar_bringup/launch/teleop.launch.py -> /home/racecar/ros2_ws/src/Team10_GROS5/install/racecar_bringup/share/racecar_bringup/launch
[5.542s] symbolically linking /home/racecar/ros2_ws/src/Team10_GROS5/build/racecar_bringup/launch/GRO525.launch.py -> /home/racecar/ros2_ws/src/Team10_GROS5/install/racecar_bringup/share/racecar_bringup/launch
[5.545s] symbolically linking /home/racecar/ros2_ws/src/Team10_GROS5/build/racecar_bringup/launch/GRO501_P2.launch.py -> /home/racecar/ros2_ws/src/Team10_GROS5/install/racecar_bringup/share/racecar_bringup/launch
[5.545s] symbolically linking /home/racecar/ros2_ws/src/Team10_GROS5/build/racecar_bringup/launch/GRO501_P1.launch.py -> /home/racecar/ros2_ws/src/Team10_GROS5/install/racecar_bringup/share/racecar_bringup/launch
[5.545s] symbolically linking /home/racecar/ros2_ws/src/Team10_GROS5/build/racecar_bringup/launch/bringup.launch.py -> /home/racecar/ros2_ws/src/Team10_GROS5/install/racecar_bringup/share/racecar_bringup/launch
[5.546s] symbolically linking /home/racecar/ros2_ws/src/Team10_GROS5/build/racecar_bringup/launch/rviz.launch.py -> /home/racecar/ros2_ws/src/Team10_GROS5/install/racecar_bringup/share/racecar_bringup/launch
[5.834s] Invoked command in '/home/racecar/ros2_ws/src/Team10_GROS5/build/racecar_bringup' returned '0': DEBUGINFOD_URLS=https://debuginfod.ubuntu.com PYTHONPATH=/home/racecar/ros2_ws/src/Team10_GROS5/build/racecar_bringup/prefix_override:/usr/lib/python3/dist-packages/colcon_core/task/python/colcon_distutils_commands:/home/racecar/ros2_ws/src/Team10_GROS5/install/racecar_bringup/lib/python3.12/site-packages:${PYTHONPATH} /usr/bin/python3 -W ignore:setup.py install is deprecated -W ignore:easy_install command is deprecated setup.py develop --editable --build-directory /home/racecar/ros2_ws/src/Team10_GROS5/build/racecar_bringup/build --no-deps symlink_data --force
