running egg_info
writing ../../build/racecar_gazebo/racecar_gazebo.egg-info/PKG-INFO
writing dependency_links to ../../build/racecar_gazebo/racecar_gazebo.egg-info/dependency_links.txt
writing entry points to ../../build/racecar_gazebo/racecar_gazebo.egg-info/entry_points.txt
writing requirements to ../../build/racecar_gazebo/racecar_gazebo.egg-info/requires.txt
writing top-level names to ../../build/racecar_gazebo/racecar_gazebo.egg-info/top_level.txt
reading manifest file '../../build/racecar_gazebo/racecar_gazebo.egg-info/SOURCES.txt'
writing manifest file '../../build/racecar_gazebo/racecar_gazebo.egg-info/SOURCES.txt'
running build
running build_py
running install
running install_lib
running install_data
running install_egg_info
removing '/home/racecar/ros2_ws/src/Team10_GROS5/install/racecar_gazebo/lib/python3.12/site-packages/racecar_gazebo-0.0.0-py3.12.egg-info' (and everything under it)
Copying ../../build/racecar_gazebo/racecar_gazebo.egg-info to /home/racecar/ros2_ws/src/Team10_GROS5/install/racecar_gazebo/lib/python3.12/site-packages/racecar_gazebo-0.0.0-py3.12.egg-info
running install_scripts
Installing cmd_vel_to_ackermann_drive script to /home/racecar/ros2_ws/src/Team10_GROS5/install/racecar_gazebo/lib/racecar_gazebo
Installing gazebo_odometry script to /home/racecar/ros2_ws/src/Team10_GROS5/install/racecar_gazebo/lib/racecar_gazebo
Installing servo_commands script to /home/racecar/ros2_ws/src/Team10_GROS5/install/racecar_gazebo/lib/racecar_gazebo
writing list of installed files to '/home/racecar/ros2_ws/src/Team10_GROS5/build/racecar_gazebo/install.log'
