[3.758s] Invoking command in '/home/racecar/ros2_ws/src/Team10_GROS5/build/racecar_gazebo': DEBUGINFOD_URLS=https://debuginfod.ubuntu.com PYTHONPATH=/home/racecar/ros2_ws/src/Team10_GROS5/build/racecar_gazebo/prefix_override:/usr/lib/python3/dist-packages/colcon_core/task/python/colcon_distutils_commands:/home/racecar/ros2_ws/src/Team10_GROS5/install/racecar_gazebo/lib/python3.12/site-packages:${PYTHONPATH} /usr/bin/python3 -W ignore:setup.py install is deprecated -W ignore:easy_install command is deprecated setup.py develop --editable --build-directory /home/racecar/ros2_ws/src/Team10_GROS5/build/racecar_gazebo/build --no-deps symlink_data --force
[5.115s] running develop
[5.754s] running egg_info
[5.803s] writing racecar_gazebo.egg-info/PKG-INFO
[5.816s] writing dependency_links to racecar_gazebo.egg-info/dependency_links.txt
[5.839s] writing entry points to racecar_gazebo.egg-info/entry_points.txt
[5.840s] writing requirements to racecar_gazebo.egg-info/requires.txt
[5.840s] writing top-level names to racecar_gazebo.egg-info/top_level.txt
[5.949s] reading manifest file 'racecar_gazebo.egg-info/SOURCES.txt'
[5.949s] writing manifest file 'racecar_gazebo.egg-info/SOURCES.txt'
[5.993s] running build_ext
[5.994s] Creating /home/racecar/ros2_ws/src/Team10_GROS5/install/racecar_gazebo/lib/python3.12/site-packages/racecar-gazebo.egg-link (link to .)
[5.999s] Installing cmd_vel_to_ackermann_drive script to /home/racecar/ros2_ws/src/Team10_GROS5/install/racecar_gazebo/lib/racecar_gazebo
[6.001s] Installing gazebo_odometry script to /home/racecar/ros2_ws/src/Team10_GROS5/install/racecar_gazebo/lib/racecar_gazebo
[6.004s] Installing servo_commands script to /home/racecar/ros2_ws/src/Team10_GROS5/install/racecar_gazebo/lib/racecar_gazebo
[6.006s] 
[6.007s] Installed /home/racecar/ros2_ws/src/Team10_GROS5/build/racecar_gazebo
[6.007s] running symlink_data
[6.009s] symbolically linking /home/racecar/ros2_ws/src/Team10_GROS5/build/racecar_gazebo/resource/racecar_gazebo -> /home/racecar/ros2_ws/src/Team10_GROS5/install/racecar_gazebo/share/ament_index/resource_index/packages
[6.009s] symbolically linking /home/racecar/ros2_ws/src/Team10_GROS5/build/racecar_gazebo/package.xml -> /home/racecar/ros2_ws/src/Team10_GROS5/install/racecar_gazebo/share/racecar_gazebo
[6.010s] symbolically linking /home/racecar/ros2_ws/src/Team10_GROS5/build/racecar_gazebo/models/parking_1/model.sdf -> /home/racecar/ros2_ws/src/Team10_GROS5/install/racecar_gazebo/share/racecar_gazebo/models/parking_1
[6.018s] symbolically linking /home/racecar/ros2_ws/src/Team10_GROS5/build/racecar_gazebo/models/parking_1/model.config -> /home/racecar/ros2_ws/src/Team10_GROS5/install/racecar_gazebo/share/racecar_gazebo/models/parking_1
[6.020s] symbolically linking /home/racecar/ros2_ws/src/Team10_GROS5/build/racecar_gazebo/models/cone/model.sdf -> /home/racecar/ros2_ws/src/Team10_GROS5/install/racecar_gazebo/share/racecar_gazebo/models/cone
[6.025s] symbolically linking /home/racecar/ros2_ws/src/Team10_GROS5/build/racecar_gazebo/models/cone/model.config -> /home/racecar/ros2_ws/src/Team10_GROS5/install/racecar_gazebo/share/racecar_gazebo/models/cone
[6.026s] symbolically linking /home/racecar/ros2_ws/src/Team10_GROS5/build/racecar_gazebo/models/walker_racecourse/model.sdf -> /home/racecar/ros2_ws/src/Team10_GROS5/install/racecar_gazebo/share/racecar_gazebo/models/walker_racecourse
[6.026s] symbolically linking /home/racecar/ros2_ws/src/Team10_GROS5/build/racecar_gazebo/models/walker_racecourse/model.config -> /home/racecar/ros2_ws/src/Team10_GROS5/install/racecar_gazebo/share/racecar_gazebo/models/walker_racecourse
[6.026s] symbolically linking /home/racecar/ros2_ws/src/Team10_GROS5/build/racecar_gazebo/models/MIT_Tunnel/ceiling_tiled.png -> /home/racecar/ros2_ws/src/Team10_GROS5/install/racecar_gazebo/share/racecar_gazebo/models/MIT_Tunnel
[6.027s] symbolically linking /home/racecar/ros2_ws/src/Team10_GROS5/build/racecar_gazebo/models/MIT_Tunnel/model.sdf -> /home/racecar/ros2_ws/src/Team10_GROS5/install/racecar_gazebo/share/racecar_gazebo/models/MIT_Tunnel
[6.027s] symbolically linking /home/racecar/ros2_ws/src/Team10_GROS5/build/racecar_gazebo/models/MIT_Tunnel/model.config -> /home/racecar/ros2_ws/src/Team10_GROS5/install/racecar_gazebo/share/racecar_gazebo/models/MIT_Tunnel
[6.027s] symbolically linking /home/racecar/ros2_ws/src/Team10_GROS5/build/racecar_gazebo/models/tunnel_genie/model.sdf -> /home/racecar/ros2_ws/src/Team10_GROS5/install/racecar_gazebo/share/racecar_gazebo/models/tunnel_genie
[6.028s] symbolically linking /home/racecar/ros2_ws/src/Team10_GROS5/build/racecar_gazebo/models/tunnel_genie/model.config -> /home/racecar/ros2_ws/src/Team10_GROS5/install/racecar_gazebo/share/racecar_gazebo/models/tunnel_genie
[6.028s] symbolically linking /home/racecar/ros2_ws/src/Team10_GROS5/build/racecar_gazebo/launch/gazebo_control.launch.py -> /home/racecar/ros2_ws/src/Team10_GROS5/install/racecar_gazebo/share/racecar_gazebo/launch/
[6.029s] symbolically linking /home/racecar/ros2_ws/src/Team10_GROS5/build/racecar_gazebo/launch/racecar_circuit.launch.py -> /home/racecar/ros2_ws/src/Team10_GROS5/install/racecar_gazebo/share/racecar_gazebo/launch/
[6.029s] symbolically linking /home/racecar/ros2_ws/src/Team10_GROS5/build/racecar_gazebo/launch/racecar_tunnel_genie.launch.py -> /home/racecar/ros2_ws/src/Team10_GROS5/install/racecar_gazebo/share/racecar_gazebo/launch/
[6.029s] symbolically linking /home/racecar/ros2_ws/src/Team10_GROS5/build/racecar_gazebo/launch/spawn_racecar.launch.py -> /home/racecar/ros2_ws/src/Team10_GROS5/install/racecar_gazebo/share/racecar_gazebo/launch/
[6.030s] symbolically linking /home/racecar/ros2_ws/src/Team10_GROS5/build/racecar_gazebo/launch/spawn_2_racecars.launch.py -> /home/racecar/ros2_ws/src/Team10_GROS5/install/racecar_gazebo/share/racecar_gazebo/launch/
[6.030s] symbolically linking /home/racecar/ros2_ws/src/Team10_GROS5/build/racecar_gazebo/launch/racecar_tunnel.launch.py -> /home/racecar/ros2_ws/src/Team10_GROS5/install/racecar_gazebo/share/racecar_gazebo/launch/
[6.030s] symbolically linking /home/racecar/ros2_ws/src/Team10_GROS5/build/racecar_gazebo/worlds/racecar_cones.world -> /home/racecar/ros2_ws/src/Team10_GROS5/install/racecar_gazebo/share/racecar_gazebo/worlds/
[6.031s] symbolically linking /home/racecar/ros2_ws/src/Team10_GROS5/build/racecar_gazebo/worlds/racecar_circuit.world -> /home/racecar/ros2_ws/src/Team10_GROS5/install/racecar_gazebo/share/racecar_gazebo/worlds/
[6.031s] symbolically linking /home/racecar/ros2_ws/src/Team10_GROS5/build/racecar_gazebo/worlds/racecar_parking_1.world -> /home/racecar/ros2_ws/src/Team10_GROS5/install/racecar_gazebo/share/racecar_gazebo/worlds/
[6.031s] symbolically linking /home/racecar/ros2_ws/src/Team10_GROS5/build/racecar_gazebo/worlds/racecar_tunnel_genie.world -> /home/racecar/ros2_ws/src/Team10_GROS5/install/racecar_gazebo/share/racecar_gazebo/worlds/
[6.032s] symbolically linking /home/racecar/ros2_ws/src/Team10_GROS5/build/racecar_gazebo/worlds/racecar.world -> /home/racecar/ros2_ws/src/Team10_GROS5/install/racecar_gazebo/share/racecar_gazebo/worlds/
[6.032s] symbolically linking /home/racecar/ros2_ws/src/Team10_GROS5/build/racecar_gazebo/worlds/racecar_tunnel.world -> /home/racecar/ros2_ws/src/Team10_GROS5/install/racecar_gazebo/share/racecar_gazebo/worlds/
[6.032s] symbolically linking /home/racecar/ros2_ws/src/Team10_GROS5/build/racecar_gazebo/config/gazebo_control.yaml -> /home/racecar/ros2_ws/src/Team10_GROS5/install/racecar_gazebo/share/racecar_gazebo/config/
[6.032s] symbolically linking /home/racecar/ros2_ws/src/Team10_GROS5/build/racecar_gazebo/meshes/cone.dae -> /home/racecar/ros2_ws/src/Team10_GROS5/install/racecar_gazebo/share/racecar_gazebo/meshes/
[6.033s] symbolically linking /home/racecar/ros2_ws/src/Team10_GROS5/build/racecar_gazebo/meshes/walker_racecourse.dae -> /home/racecar/ros2_ws/src/Team10_GROS5/install/racecar_gazebo/share/racecar_gazebo/meshes/
[6.033s] symbolically linking /home/racecar/ros2_ws/src/Team10_GROS5/build/racecar_gazebo/meshes/parking_1.dae -> /home/racecar/ros2_ws/src/Team10_GROS5/install/racecar_gazebo/share/racecar_gazebo/meshes/
[6.034s] symbolically linking /home/racecar/ros2_ws/src/Team10_GROS5/build/racecar_gazebo/meshes/walker_racecourse_gray.dae -> /home/racecar/ros2_ws/src/Team10_GROS5/install/racecar_gazebo/share/racecar_gazebo/meshes/
[6.255s] Invoked command in '/home/racecar/ros2_ws/src/Team10_GROS5/build/racecar_gazebo' returned '0': DEBUGINFOD_URLS=https://debuginfod.ubuntu.com PYTHONPATH=/home/racecar/ros2_ws/src/Team10_GROS5/build/racecar_gazebo/prefix_override:/usr/lib/python3/dist-packages/colcon_core/task/python/colcon_distutils_commands:/home/racecar/ros2_ws/src/Team10_GROS5/install/racecar_gazebo/lib/python3.12/site-packages:${PYTHONPATH} /usr/bin/python3 -W ignore:setup.py install is deprecated -W ignore:easy_install command is deprecated setup.py develop --editable --build-directory /home/racecar/ros2_ws/src/Team10_GROS5/build/racecar_gazebo/build --no-deps symlink_data --force
