running egg_info
writing ../../build/racecar_bringup/racecar_bringup.egg-info/PKG-INFO
writing dependency_links to ../../build/racecar_bringup/racecar_bringup.egg-info/dependency_links.txt
writing entry points to ../../build/racecar_bringup/racecar_bringup.egg-info/entry_points.txt
writing requirements to ../../build/racecar_bringup/racecar_bringup.egg-info/requires.txt
writing top-level names to ../../build/racecar_bringup/racecar_bringup.egg-info/top_level.txt
reading manifest file '../../build/racecar_bringup/racecar_bringup.egg-info/SOURCES.txt'
writing manifest file '../../build/racecar_bringup/racecar_bringup.egg-info/SOURCES.txt'
running build
running build_py
running install
running install_lib
running install_data
running install_egg_info
removing '/home/racecar/ros2_ws/src/Team10_GROS5/install/racecar_bringup/lib/python3.12/site-packages/racecar_bringup-0.0.0-py3.12.egg-info' (and everything under it)
Copying ../../build/racecar_bringup/racecar_bringup.egg-info to /home/racecar/ros2_ws/src/Team10_GROS5/install/racecar_bringup/lib/python3.12/site-packages/racecar_bringup-0.0.0-py3.12.egg-info
running install_scripts
Installing arduino_sensors script to /home/racecar/ros2_ws/src/Team10_GROS5/install/racecar_bringup/lib/racecar_bringup
Installing cmd_vel_arbitration script to /home/racecar/ros2_ws/src/Team10_GROS5/install/racecar_bringup/lib/racecar_bringup
Installing test script to /home/racecar/ros2_ws/src/Team10_GROS5/install/racecar_bringup/lib/racecar_bringup
writing list of installed files to '/home/racecar/ros2_ws/src/Team10_GROS5/build/racecar_bringup/install.log'
