[3.219s] Invoking command in '/home/racecar/ros2_ws/src/Team10_GROS5/racecar-ros2/racecar_autopilot': DEBUGINFOD_URLS=https://debuginfod.ubuntu.com PYTHONPATH=/home/racecar/ros2_ws/src/Team10_GROS5/build/racecar_autopilot/prefix_override:/usr/lib/python3/dist-packages/colcon_core/task/python/colcon_distutils_commands:/home/racecar/ros2_ws/src/Team10_GROS5/install/racecar_autopilot/lib/python3.12/site-packages:${PYTHONPATH} /usr/bin/python3 -W ignore:setup.py install is deprecated -W ignore:easy_install command is deprecated setup.py egg_info --egg-base ../../build/racecar_autopilot build --build-base /home/racecar/ros2_ws/src/Team10_GROS5/build/racecar_autopilot/build install --record /home/racecar/ros2_ws/src/Team10_GROS5/build/racecar_autopilot/install.log --single-version-externally-managed install_data
[3.977s] running egg_info
[4.058s] writing ../../build/racecar_autopilot/racecar_autopilot.egg-info/PKG-INFO
[4.059s] writing dependency_links to ../../build/racecar_autopilot/racecar_autopilot.egg-info/dependency_links.txt
[4.061s] writing entry points to ../../build/racecar_autopilot/racecar_autopilot.egg-info/entry_points.txt
[4.062s] writing requirements to ../../build/racecar_autopilot/racecar_autopilot.egg-info/requires.txt
[4.063s] writing top-level names to ../../build/racecar_autopilot/racecar_autopilot.egg-info/top_level.txt
[4.230s] reading manifest file '../../build/racecar_autopilot/racecar_autopilot.egg-info/SOURCES.txt'
[4.231s] writing manifest file '../../build/racecar_autopilot/racecar_autopilot.egg-info/SOURCES.txt'
[4.231s] running build
[4.234s] running build_py
[4.234s] running install
[4.243s] running install_lib
[4.280s] running install_data
[4.282s] running install_egg_info
[4.361s] removing '/home/racecar/ros2_ws/src/Team10_GROS5/install/racecar_autopilot/lib/python3.12/site-packages/racecar_autopilot-0.0.0-py3.12.egg-info' (and everything under it)
[4.362s] Copying ../../build/racecar_autopilot/racecar_autopilot.egg-info to /home/racecar/ros2_ws/src/Team10_GROS5/install/racecar_autopilot/lib/python3.12/site-packages/racecar_autopilot-0.0.0-py3.12.egg-info
[4.363s] running install_scripts
[4.840s] Installing slash_controller script to /home/racecar/ros2_ws/src/Team10_GROS5/install/racecar_autopilot/lib/racecar_autopilot
[4.840s] Installing wall_estimator script to /home/racecar/ros2_ws/src/Team10_GROS5/install/racecar_autopilot/lib/racecar_autopilot
[4.846s] writing list of installed files to '/home/racecar/ros2_ws/src/Team10_GROS5/build/racecar_autopilot/install.log'
[5.434s] Invoked command in '/home/racecar/ros2_ws/src/Team10_GROS5/racecar-ros2/racecar_autopilot' returned '0': DEBUGINFOD_URLS=https://debuginfod.ubuntu.com PYTHONPATH=/home/racecar/ros2_ws/src/Team10_GROS5/build/racecar_autopilot/prefix_override:/usr/lib/python3/dist-packages/colcon_core/task/python/colcon_distutils_commands:/home/racecar/ros2_ws/src/Team10_GROS5/install/racecar_autopilot/lib/python3.12/site-packages:${PYTHONPATH} /usr/bin/python3 -W ignore:setup.py install is deprecated -W ignore:easy_install command is deprecated setup.py egg_info --egg-base ../../build/racecar_autopilot build --build-base /home/racecar/ros2_ws/src/Team10_GROS5/build/racecar_autopilot/build install --record /home/racecar/ros2_ws/src/Team10_GROS5/build/racecar_autopilot/install.log --single-version-externally-managed install_data
