[3.230s] Invoking command in '/home/racecar/ros2_ws/src/Team10_GROS5/build/racecar_gazebo': DEBUGINFOD_URLS=https://debuginfod.ubuntu.com PYTHONPATH=/home/racecar/ros2_ws/src/Team10_GROS5/build/racecar_gazebo/prefix_override:/usr/lib/python3/dist-packages/colcon_core/task/python/colcon_distutils_commands:/home/racecar/ros2_ws/src/Team10_GROS5/install/racecar_gazebo/lib/python3.12/site-packages:${PYTHONPATH} /usr/bin/python3 -W ignore:setup.py install is deprecated -W ignore:easy_install command is deprecated setup.py develop --uninstall --editable --build-directory /home/racecar/ros2_ws/src/Team10_GROS5/build/racecar_gazebo/build
[4.239s] running develop
[4.848s] Removing /home/racecar/ros2_ws/src/Team10_GROS5/install/racecar_gazebo/lib/python3.12/site-packages/racecar-gazebo.egg-link (link to .)
[5.024s] Invoked command in '/home/racecar/ros2_ws/src/Team10_GROS5/build/racecar_gazebo' returned '0': DEBUGINFOD_URLS=https://debuginfod.ubuntu.com PYTHONPATH=/home/racecar/ros2_ws/src/Team10_GROS5/build/racecar_gazebo/prefix_override:/usr/lib/python3/dist-packages/colcon_core/task/python/colcon_distutils_commands:/home/racecar/ros2_ws/src/Team10_GROS5/install/racecar_gazebo/lib/python3.12/site-packages:${PYTHONPATH} /usr/bin/python3 -W ignore:setup.py install is deprecated -W ignore:easy_install command is deprecated setup.py develop --uninstall --editable --build-directory /home/racecar/ros2_ws/src/Team10_GROS5/build/racecar_gazebo/build
[5.026s] Invoking command in '/home/racecar/ros2_ws/src/Team10_GROS5/racecar-ros2/racecar_gazebo': DEBUGINFOD_URLS=https://debuginfod.ubuntu.com PYTHONPATH=/home/racecar/ros2_ws/src/Team10_GROS5/build/racecar_gazebo/prefix_override:/usr/lib/python3/dist-packages/colcon_core/task/python/colcon_distutils_commands:/home/racecar/ros2_ws/src/Team10_GROS5/install/racecar_gazebo/lib/python3.12/site-packages:${PYTHONPATH} /usr/bin/python3 -W ignore:setup.py install is deprecated -W ignore:easy_install command is deprecated setup.py egg_info --egg-base ../../build/racecar_gazebo build --build-base /home/racecar/ros2_ws/src/Team10_GROS5/build/racecar_gazebo/build install --record /home/racecar/ros2_ws/src/Team10_GROS5/build/racecar_gazebo/install.log --single-version-externally-managed install_data --force
[5.707s] running egg_info
[5.776s] writing ../../build/racecar_gazebo/racecar_gazebo.egg-info/PKG-INFO
[5.777s] writing dependency_links to ../../build/racecar_gazebo/racecar_gazebo.egg-info/dependency_links.txt
[5.778s] writing entry points to ../../build/racecar_gazebo/racecar_gazebo.egg-info/entry_points.txt
[5.779s] writing requirements to ../../build/racecar_gazebo/racecar_gazebo.egg-info/requires.txt
[5.780s] writing top-level names to ../../build/racecar_gazebo/racecar_gazebo.egg-info/top_level.txt
[5.856s] reading manifest file '../../build/racecar_gazebo/racecar_gazebo.egg-info/SOURCES.txt'
[5.858s] writing manifest file '../../build/racecar_gazebo/racecar_gazebo.egg-info/SOURCES.txt'
[5.858s] running build
[5.858s] running build_py
[5.859s] running install
[5.869s] running install_lib
[5.916s] creating /home/racecar/ros2_ws/src/Team10_GROS5/install/racecar_gazebo/lib/python3.12/site-packages/racecar_gazebo
[5.916s] copying /home/racecar/ros2_ws/src/Team10_GROS5/build/racecar_gazebo/build/lib/racecar_gazebo/cmd_vel_to_ackermann_drive.py -> /home/racecar/ros2_ws/src/Team10_GROS5/install/racecar_gazebo/lib/python3.12/site-packages/racecar_gazebo
[5.917s] copying /home/racecar/ros2_ws/src/Team10_GROS5/build/racecar_gazebo/build/lib/racecar_gazebo/gazebo_odometry.py -> /home/racecar/ros2_ws/src/Team10_GROS5/install/racecar_gazebo/lib/python3.12/site-packages/racecar_gazebo
[5.917s] copying /home/racecar/ros2_ws/src/Team10_GROS5/build/racecar_gazebo/build/lib/racecar_gazebo/__init__.py -> /home/racecar/ros2_ws/src/Team10_GROS5/install/racecar_gazebo/lib/python3.12/site-packages/racecar_gazebo
[5.917s] copying /home/racecar/ros2_ws/src/Team10_GROS5/build/racecar_gazebo/build/lib/racecar_gazebo/servo_commands.py -> /home/racecar/ros2_ws/src/Team10_GROS5/install/racecar_gazebo/lib/python3.12/site-packages/racecar_gazebo
[5.919s] byte-compiling /home/racecar/ros2_ws/src/Team10_GROS5/install/racecar_gazebo/lib/python3.12/site-packages/racecar_gazebo/cmd_vel_to_ackermann_drive.py to cmd_vel_to_ackermann_drive.cpython-312.pyc
[5.921s] byte-compiling /home/racecar/ros2_ws/src/Team10_GROS5/install/racecar_gazebo/lib/python3.12/site-packages/racecar_gazebo/gazebo_odometry.py to gazebo_odometry.cpython-312.pyc
[5.926s] byte-compiling /home/racecar/ros2_ws/src/Team10_GROS5/install/racecar_gazebo/lib/python3.12/site-packages/racecar_gazebo/__init__.py to __init__.cpython-312.pyc
[5.926s] byte-compiling /home/racecar/ros2_ws/src/Team10_GROS5/install/racecar_gazebo/lib/python3.12/site-packages/racecar_gazebo/servo_commands.py to servo_commands.cpython-312.pyc
[5.927s] running install_data
[5.928s] copying resource/racecar_gazebo -> /home/racecar/ros2_ws/src/Team10_GROS5/install/racecar_gazebo/share/ament_index/resource_index/packages
[5.928s] copying package.xml -> /home/racecar/ros2_ws/src/Team10_GROS5/install/racecar_gazebo/share/racecar_gazebo
[5.929s] copying models/parking_1/model.sdf -> /home/racecar/ros2_ws/src/Team10_GROS5/install/racecar_gazebo/share/racecar_gazebo/models/parking_1
[5.929s] copying models/parking_1/model.config -> /home/racecar/ros2_ws/src/Team10_GROS5/install/racecar_gazebo/share/racecar_gazebo/models/parking_1
[5.931s] copying models/cone/model.sdf -> /home/racecar/ros2_ws/src/Team10_GROS5/install/racecar_gazebo/share/racecar_gazebo/models/cone
[5.931s] copying models/cone/model.config -> /home/racecar/ros2_ws/src/Team10_GROS5/install/racecar_gazebo/share/racecar_gazebo/models/cone
[5.931s] copying models/walker_racecourse/model.sdf -> /home/racecar/ros2_ws/src/Team10_GROS5/install/racecar_gazebo/share/racecar_gazebo/models/walker_racecourse
[5.932s] copying models/walker_racecourse/model.config -> /home/racecar/ros2_ws/src/Team10_GROS5/install/racecar_gazebo/share/racecar_gazebo/models/walker_racecourse
[5.932s] copying models/MIT_Tunnel/ceiling_tiled.png -> /home/racecar/ros2_ws/src/Team10_GROS5/install/racecar_gazebo/share/racecar_gazebo/models/MIT_Tunnel
[5.932s] copying models/MIT_Tunnel/model.sdf -> /home/racecar/ros2_ws/src/Team10_GROS5/install/racecar_gazebo/share/racecar_gazebo/models/MIT_Tunnel
[5.933s] copying models/MIT_Tunnel/model.config -> /home/racecar/ros2_ws/src/Team10_GROS5/install/racecar_gazebo/share/racecar_gazebo/models/MIT_Tunnel
[5.933s] copying models/tunnel_genie/model.sdf -> /home/racecar/ros2_ws/src/Team10_GROS5/install/racecar_gazebo/share/racecar_gazebo/models/tunnel_genie
[5.933s] copying models/tunnel_genie/model.config -> /home/racecar/ros2_ws/src/Team10_GROS5/install/racecar_gazebo/share/racecar_gazebo/models/tunnel_genie
[5.934s] copying launch/gazebo_control.launch.py -> /home/racecar/ros2_ws/src/Team10_GROS5/install/racecar_gazebo/share/racecar_gazebo/launch/
[5.934s] copying launch/racecar_circuit.launch.py -> /home/racecar/ros2_ws/src/Team10_GROS5/install/racecar_gazebo/share/racecar_gazebo/launch/
[5.935s] copying launch/racecar_tunnel_genie.launch.py -> /home/racecar/ros2_ws/src/Team10_GROS5/install/racecar_gazebo/share/racecar_gazebo/launch/
[5.935s] copying launch/spawn_racecar.launch.py -> /home/racecar/ros2_ws/src/Team10_GROS5/install/racecar_gazebo/share/racecar_gazebo/launch/
[5.935s] copying launch/spawn_2_racecars.launch.py -> /home/racecar/ros2_ws/src/Team10_GROS5/install/racecar_gazebo/share/racecar_gazebo/launch/
[5.936s] copying launch/racecar_tunnel.launch.py -> /home/racecar/ros2_ws/src/Team10_GROS5/install/racecar_gazebo/share/racecar_gazebo/launch/
[5.936s] copying worlds/racecar_cones.world -> /home/racecar/ros2_ws/src/Team10_GROS5/install/racecar_gazebo/share/racecar_gazebo/worlds/
[5.937s] copying worlds/racecar_circuit.world -> /home/racecar/ros2_ws/src/Team10_GROS5/install/racecar_gazebo/share/racecar_gazebo/worlds/
[5.937s] copying worlds/racecar_parking_1.world -> /home/racecar/ros2_ws/src/Team10_GROS5/install/racecar_gazebo/share/racecar_gazebo/worlds/
[5.937s] copying worlds/racecar_tunnel_genie.world -> /home/racecar/ros2_ws/src/Team10_GROS5/install/racecar_gazebo/share/racecar_gazebo/worlds/
[5.938s] copying worlds/racecar.world -> /home/racecar/ros2_ws/src/Team10_GROS5/install/racecar_gazebo/share/racecar_gazebo/worlds/
[5.938s] copying worlds/racecar_tunnel.world -> /home/racecar/ros2_ws/src/Team10_GROS5/install/racecar_gazebo/share/racecar_gazebo/worlds/
[5.939s] copying config/gazebo_control.yaml -> /home/racecar/ros2_ws/src/Team10_GROS5/install/racecar_gazebo/share/racecar_gazebo/config/
[5.939s] copying meshes/cone.dae -> /home/racecar/ros2_ws/src/Team10_GROS5/install/racecar_gazebo/share/racecar_gazebo/meshes/
[5.940s] copying meshes/walker_racecourse.dae -> /home/racecar/ros2_ws/src/Team10_GROS5/install/racecar_gazebo/share/racecar_gazebo/meshes/
[5.941s] copying meshes/parking_1.dae -> /home/racecar/ros2_ws/src/Team10_GROS5/install/racecar_gazebo/share/racecar_gazebo/meshes/
[5.941s] copying meshes/walker_racecourse_gray.dae -> /home/racecar/ros2_ws/src/Team10_GROS5/install/racecar_gazebo/share/racecar_gazebo/meshes/
[5.943s] running install_egg_info
[6.014s] Copying ../../build/racecar_gazebo/racecar_gazebo.egg-info to /home/racecar/ros2_ws/src/Team10_GROS5/install/racecar_gazebo/lib/python3.12/site-packages/racecar_gazebo-0.0.0-py3.12.egg-info
[6.015s] running install_scripts
[6.384s] Installing cmd_vel_to_ackermann_drive script to /home/racecar/ros2_ws/src/Team10_GROS5/install/racecar_gazebo/lib/racecar_gazebo
[6.384s] Installing gazebo_odometry script to /home/racecar/ros2_ws/src/Team10_GROS5/install/racecar_gazebo/lib/racecar_gazebo
[6.385s] Installing servo_commands script to /home/racecar/ros2_ws/src/Team10_GROS5/install/racecar_gazebo/lib/racecar_gazebo
[6.391s] writing list of installed files to '/home/racecar/ros2_ws/src/Team10_GROS5/build/racecar_gazebo/install.log'
[6.528s] Invoked command in '/home/racecar/ros2_ws/src/Team10_GROS5/racecar-ros2/racecar_gazebo' returned '0': DEBUGINFOD_URLS=https://debuginfod.ubuntu.com PYTHONPATH=/home/racecar/ros2_ws/src/Team10_GROS5/build/racecar_gazebo/prefix_override:/usr/lib/python3/dist-packages/colcon_core/task/python/colcon_distutils_commands:/home/racecar/ros2_ws/src/Team10_GROS5/install/racecar_gazebo/lib/python3.12/site-packages:${PYTHONPATH} /usr/bin/python3 -W ignore:setup.py install is deprecated -W ignore:easy_install command is deprecated setup.py egg_info --egg-base ../../build/racecar_gazebo build --build-base /home/racecar/ros2_ws/src/Team10_GROS5/build/racecar_gazebo/build install --record /home/racecar/ros2_ws/src/Team10_GROS5/build/racecar_gazebo/install.log --single-version-externally-managed install_data --force
