[3.029s] Invoking command in '/home/racecar/ros2_ws/src/Team10_GROS5/racecar-ros2/racecar_teleop': DEBUGINFOD_URLS=https://debuginfod.ubuntu.com PYTHONPATH=/home/racecar/ros2_ws/src/Team10_GROS5/build/racecar_teleop/prefix_override:/usr/lib/python3/dist-packages/colcon_core/task/python/colcon_distutils_commands:/home/racecar/ros2_ws/src/Team10_GROS5/install/racecar_teleop/lib/python3.12/site-packages:${PYTHONPATH} /usr/bin/python3 -W ignore:setup.py install is deprecated -W ignore:easy_install command is deprecated setup.py egg_info --egg-base ../../build/racecar_teleop build --build-base /home/racecar/ros2_ws/src/Team10_GROS5/build/racecar_teleop/build install --record /home/racecar/ros2_ws/src/Team10_GROS5/build/racecar_teleop/install.log --single-version-externally-managed install_data
[3.885s] running egg_info
[3.925s] writing ../../build/racecar_teleop/racecar_teleop.egg-info/PKG-INFO
[3.925s] writing dependency_links to ../../build/racecar_teleop/racecar_teleop.egg-info/dependency_links.txt
[3.927s] writing entry points to ../../build/racecar_teleop/racecar_teleop.egg-info/entry_points.txt
[3.928s] writing requirements to ../../build/racecar_teleop/racecar_teleop.egg-info/requires.txt
[3.930s] writing top-level names to ../../build/racecar_teleop/racecar_teleop.egg-info/top_level.txt
[4.058s] reading manifest file '../../build/racecar_teleop/racecar_teleop.egg-info/SOURCES.txt'
[4.061s] writing manifest file '../../build/racecar_teleop/racecar_teleop.egg-info/SOURCES.txt'
[4.061s] running build
[4.061s] running build_py
[4.061s] running install
[4.072s] running install_lib
[4.110s] running install_data
[4.112s] running install_egg_info
[4.151s] removing '/home/racecar/ros2_ws/src/Team10_GROS5/install/racecar_teleop/lib/python3.12/site-packages/racecar_teleop-0.0.0-py3.12.egg-info' (and everything under it)
[4.153s] Copying ../../build/racecar_teleop/racecar_teleop.egg-info to /home/racecar/ros2_ws/src/Team10_GROS5/install/racecar_teleop/lib/python3.12/site-packages/racecar_teleop-0.0.0-py3.12.egg-info
[4.157s] running install_scripts
[4.508s] Installing slash_teleop script to /home/racecar/ros2_ws/src/Team10_GROS5/install/racecar_teleop/lib/racecar_teleop
[4.509s] writing list of installed files to '/home/racecar/ros2_ws/src/Team10_GROS5/build/racecar_teleop/install.log'
[4.631s] Invoked command in '/home/racecar/ros2_ws/src/Team10_GROS5/racecar-ros2/racecar_teleop' returned '0': DEBUGINFOD_URLS=https://debuginfod.ubuntu.com PYTHONPATH=/home/racecar/ros2_ws/src/Team10_GROS5/build/racecar_teleop/prefix_override:/usr/lib/python3/dist-packages/colcon_core/task/python/colcon_distutils_commands:/home/racecar/ros2_ws/src/Team10_GROS5/install/racecar_teleop/lib/python3.12/site-packages:${PYTHONPATH} /usr/bin/python3 -W ignore:setup.py install is deprecated -W ignore:easy_install command is deprecated setup.py egg_info --egg-base ../../build/racecar_teleop build --build-base /home/racecar/ros2_ws/src/Team10_GROS5/build/racecar_teleop/build install --record /home/racecar/ros2_ws/src/Team10_GROS5/build/racecar_teleop/install.log --single-version-externally-managed install_data
