[2.081s] Invoking command in '/home/racecar/ros2_ws/src/Team10_GROS5/build/racecar_navigation': AMENT_PREFIX_PATH=/home/racecar/ros2_ws/src/Team10_GROS5/install/racecar_bringup:/home/racecar/ros2_ws/src/Team10_GROS5/install/racecar_behaviors:${AMENT_PREFIX_PATH} DEBUGINFOD_URLS=https://debuginfod.ubuntu.com PYTHONPATH=/home/racecar/ros2_ws/src/Team10_GROS5/build/racecar_navigation/prefix_override:/usr/lib/python3/dist-packages/colcon_core/task/python/colcon_distutils_commands:/home/racecar/ros2_ws/src/Team10_GROS5/install/racecar_navigation/lib/python3.12/site-packages:/home/racecar/ros2_ws/src/Team10_GROS5/build/racecar_bringup:/home/racecar/ros2_ws/src/Team10_GROS5/install/racecar_bringup/lib/python3.12/site-packages:/home/racecar/ros2_ws/src/Team10_GROS5/build/racecar_behaviors:/home/racecar/ros2_ws/src/Team10_GROS5/install/racecar_behaviors/lib/python3.12/site-packages:${PYTHONPATH} /usr/bin/python3 -W ignore:setup.py install is deprecated -W ignore:easy_install command is deprecated setup.py develop --editable --build-directory /home/racecar/ros2_ws/src/Team10_GROS5/build/racecar_navigation/build --no-deps symlink_data --force
[2.710s] running develop
[3.136s] running egg_info
[3.191s] writing racecar_navigation.egg-info/PKG-INFO
[3.207s] writing dependency_links to racecar_navigation.egg-info/dependency_links.txt
[3.224s] writing requirements to racecar_navigation.egg-info/requires.txt
[3.262s] writing top-level names to racecar_navigation.egg-info/top_level.txt
[3.513s] reading manifest file 'racecar_navigation.egg-info/SOURCES.txt'
[3.516s] writing manifest file 'racecar_navigation.egg-info/SOURCES.txt'
[3.569s] running build_ext
[3.599s] Creating /home/racecar/ros2_ws/src/Team10_GROS5/install/racecar_navigation/lib/python3.12/site-packages/racecar-navigation.egg-link (link to .)
[3.600s] 
[3.600s] Installed /home/racecar/ros2_ws/src/Team10_GROS5/build/racecar_navigation
[3.600s] running symlink_data
[3.600s] symbolically linking /home/racecar/ros2_ws/src/Team10_GROS5/build/racecar_navigation/resource/racecar_navigation -> /home/racecar/ros2_ws/src/Team10_GROS5/install/racecar_navigation/share/ament_index/resource_index/packages
[3.600s] symbolically linking /home/racecar/ros2_ws/src/Team10_GROS5/build/racecar_navigation/package.xml -> /home/racecar/ros2_ws/src/Team10_GROS5/install/racecar_navigation/share/racecar_navigation
[3.601s] symbolically linking /home/racecar/ros2_ws/src/Team10_GROS5/build/racecar_navigation/launch/kalmanFilter.launch.py -> /home/racecar/ros2_ws/src/Team10_GROS5/install/racecar_navigation/share/racecar_navigation/launch
[3.601s] symbolically linking /home/racecar/ros2_ws/src/Team10_GROS5/build/racecar_navigation/launch/navigation_stack.launch.py -> /home/racecar/ros2_ws/src/Team10_GROS5/install/racecar_navigation/share/racecar_navigation/launch
[3.601s] symbolically linking /home/racecar/ros2_ws/src/Team10_GROS5/build/racecar_navigation/launch/navigation.launch.py -> /home/racecar/ros2_ws/src/Team10_GROS5/install/racecar_navigation/share/racecar_navigation/launch
[3.601s] symbolically linking /home/racecar/ros2_ws/src/Team10_GROS5/build/racecar_navigation/launch/slam.launch.py -> /home/racecar/ros2_ws/src/Team10_GROS5/install/racecar_navigation/share/racecar_navigation/launch
[3.601s] symbolically linking /home/racecar/ros2_ws/src/Team10_GROS5/build/racecar_navigation/launch/rviz.launch.py -> /home/racecar/ros2_ws/src/Team10_GROS5/install/racecar_navigation/share/racecar_navigation/launch
[3.601s] symbolically linking /home/racecar/ros2_ws/src/Team10_GROS5/build/racecar_navigation/resource/nav2_params.yaml -> /home/racecar/ros2_ws/src/Team10_GROS5/install/racecar_navigation/share/racecar_navigation/resource
[3.602s] symbolically linking /home/racecar/ros2_ws/src/Team10_GROS5/build/racecar_navigation/resource/dual_ekf_params.yaml -> /home/racecar/ros2_ws/src/Team10_GROS5/install/racecar_navigation/share/racecar_navigation/resource
[3.602s] symbolically linking /home/racecar/ros2_ws/src/Team10_GROS5/build/racecar_navigation/resource/bringup.rviz -> /home/racecar/ros2_ws/src/Team10_GROS5/install/racecar_navigation/share/racecar_navigation/resource
[3.602s] symbolically linking /home/racecar/ros2_ws/src/Team10_GROS5/build/racecar_navigation/resource/rviz_navigation.rviz -> /home/racecar/ros2_ws/src/Team10_GROS5/install/racecar_navigation/share/racecar_navigation/resource
[3.712s] Invoked command in '/home/racecar/ros2_ws/src/Team10_GROS5/build/racecar_navigation' returned '0': AMENT_PREFIX_PATH=/home/racecar/ros2_ws/src/Team10_GROS5/install/racecar_bringup:/home/racecar/ros2_ws/src/Team10_GROS5/install/racecar_behaviors:${AMENT_PREFIX_PATH} DEBUGINFOD_URLS=https://debuginfod.ubuntu.com PYTHONPATH=/home/racecar/ros2_ws/src/Team10_GROS5/build/racecar_navigation/prefix_override:/usr/lib/python3/dist-packages/colcon_core/task/python/colcon_distutils_commands:/home/racecar/ros2_ws/src/Team10_GROS5/install/racecar_navigation/lib/python3.12/site-packages:/home/racecar/ros2_ws/src/Team10_GROS5/build/racecar_bringup:/home/racecar/ros2_ws/src/Team10_GROS5/install/racecar_bringup/lib/python3.12/site-packages:/home/racecar/ros2_ws/src/Team10_GROS5/build/racecar_behaviors:/home/racecar/ros2_ws/src/Team10_GROS5/install/racecar_behaviors/lib/python3.12/site-packages:${PYTHONPATH} /usr/bin/python3 -W ignore:setup.py install is deprecated -W ignore:easy_install command is deprecated setup.py develop --editable --build-directory /home/racecar/ros2_ws/src/Team10_GROS5/build/racecar_navigation/build --no-deps symlink_data --force
