[3.163s] Invoking command in '/home/racecar/ros2_ws/src/Team10_GROS5/racecar-ros2/racecar_teleop': DEBUGINFOD_URLS=https://debuginfod.ubuntu.com PYTHONPATH=/home/racecar/ros2_ws/src/Team10_GROS5/build/racecar_teleop/prefix_override:/usr/lib/python3/dist-packages/colcon_core/task/python/colcon_distutils_commands:/home/racecar/ros2_ws/src/Team10_GROS5/install/racecar_teleop/lib/python3.12/site-packages:${PYTHONPATH} /usr/bin/python3 -W ignore:setup.py install is deprecated -W ignore:easy_install command is deprecated setup.py egg_info --egg-base ../../build/racecar_teleop build --build-base /home/racecar/ros2_ws/src/Team10_GROS5/build/racecar_teleop/build install --record /home/racecar/ros2_ws/src/Team10_GROS5/build/racecar_teleop/install.log --single-version-externally-managed install_data
[3.954s] running egg_info
[3.955s] creating ../../build/racecar_teleop/racecar_teleop.egg-info
[4.032s] writing ../../build/racecar_teleop/racecar_teleop.egg-info/PKG-INFO
[4.033s] writing dependency_links to ../../build/racecar_teleop/racecar_teleop.egg-info/dependency_links.txt
[4.033s] writing entry points to ../../build/racecar_teleop/racecar_teleop.egg-info/entry_points.txt
[4.034s] writing requirements to ../../build/racecar_teleop/racecar_teleop.egg-info/requires.txt
[4.034s] writing top-level names to ../../build/racecar_teleop/racecar_teleop.egg-info/top_level.txt
[4.034s] writing manifest file '../../build/racecar_teleop/racecar_teleop.egg-info/SOURCES.txt'
[4.122s] reading manifest file '../../build/racecar_teleop/racecar_teleop.egg-info/SOURCES.txt'
[4.124s] writing manifest file '../../build/racecar_teleop/racecar_teleop.egg-info/SOURCES.txt'
[4.128s] running build
[4.128s] running build_py
[4.129s] creating /home/racecar/ros2_ws/src/Team10_GROS5/build/racecar_teleop/build
[4.129s] creating /home/racecar/ros2_ws/src/Team10_GROS5/build/racecar_teleop/build/lib
[4.129s] creating /home/racecar/ros2_ws/src/Team10_GROS5/build/racecar_teleop/build/lib/racecar_teleop
[4.130s] copying racecar_teleop/slash_teleop.py -> /home/racecar/ros2_ws/src/Team10_GROS5/build/racecar_teleop/build/lib/racecar_teleop
[4.130s] copying racecar_teleop/__init__.py -> /home/racecar/ros2_ws/src/Team10_GROS5/build/racecar_teleop/build/lib/racecar_teleop
[4.131s] running install
[4.156s] running install_lib
[4.236s] creating /home/racecar/ros2_ws/src/Team10_GROS5/install/racecar_teleop/lib/python3.12/site-packages/racecar_teleop
[4.236s] copying /home/racecar/ros2_ws/src/Team10_GROS5/build/racecar_teleop/build/lib/racecar_teleop/slash_teleop.py -> /home/racecar/ros2_ws/src/Team10_GROS5/install/racecar_teleop/lib/python3.12/site-packages/racecar_teleop
[4.237s] copying /home/racecar/ros2_ws/src/Team10_GROS5/build/racecar_teleop/build/lib/racecar_teleop/__init__.py -> /home/racecar/ros2_ws/src/Team10_GROS5/install/racecar_teleop/lib/python3.12/site-packages/racecar_teleop
[4.238s] byte-compiling /home/racecar/ros2_ws/src/Team10_GROS5/install/racecar_teleop/lib/python3.12/site-packages/racecar_teleop/slash_teleop.py to slash_teleop.cpython-312.pyc
[4.240s] byte-compiling /home/racecar/ros2_ws/src/Team10_GROS5/install/racecar_teleop/lib/python3.12/site-packages/racecar_teleop/__init__.py to __init__.cpython-312.pyc
[4.240s] running install_data
[4.240s] creating /home/racecar/ros2_ws/src/Team10_GROS5/install/racecar_teleop/share/ament_index
[4.240s] creating /home/racecar/ros2_ws/src/Team10_GROS5/install/racecar_teleop/share/ament_index/resource_index
[4.241s] creating /home/racecar/ros2_ws/src/Team10_GROS5/install/racecar_teleop/share/ament_index/resource_index/packages
[4.241s] copying resource/racecar_teleop -> /home/racecar/ros2_ws/src/Team10_GROS5/install/racecar_teleop/share/ament_index/resource_index/packages
[4.241s] copying package.xml -> /home/racecar/ros2_ws/src/Team10_GROS5/install/racecar_teleop/share/racecar_teleop
[4.241s] running install_egg_info
[4.321s] Copying ../../build/racecar_teleop/racecar_teleop.egg-info to /home/racecar/ros2_ws/src/Team10_GROS5/install/racecar_teleop/lib/python3.12/site-packages/racecar_teleop-0.0.0-py3.12.egg-info
[4.325s] running install_scripts
[4.707s] Installing slash_teleop script to /home/racecar/ros2_ws/src/Team10_GROS5/install/racecar_teleop/lib/racecar_teleop
[4.707s] writing list of installed files to '/home/racecar/ros2_ws/src/Team10_GROS5/build/racecar_teleop/install.log'
[4.878s] Invoked command in '/home/racecar/ros2_ws/src/Team10_GROS5/racecar-ros2/racecar_teleop' returned '0': DEBUGINFOD_URLS=https://debuginfod.ubuntu.com PYTHONPATH=/home/racecar/ros2_ws/src/Team10_GROS5/build/racecar_teleop/prefix_override:/usr/lib/python3/dist-packages/colcon_core/task/python/colcon_distutils_commands:/home/racecar/ros2_ws/src/Team10_GROS5/install/racecar_teleop/lib/python3.12/site-packages:${PYTHONPATH} /usr/bin/python3 -W ignore:setup.py install is deprecated -W ignore:easy_install command is deprecated setup.py egg_info --egg-base ../../build/racecar_teleop build --build-base /home/racecar/ros2_ws/src/Team10_GROS5/build/racecar_teleop/build install --record /home/racecar/ros2_ws/src/Team10_GROS5/build/racecar_teleop/install.log --single-version-externally-managed install_data
