running develop
running egg_info
writing racecar_description.egg-info/PKG-INFO
writing dependency_links to racecar_description.egg-info/dependency_links.txt
writing requirements to racecar_description.egg-info/requires.txt
writing top-level names to racecar_description.egg-info/top_level.txt
reading manifest file 'racecar_description.egg-info/SOURCES.txt'
writing manifest file 'racecar_description.egg-info/SOURCES.txt'
running build_ext
Creating /home/racecar/ros2_ws/src/Team10_GROS5/install/racecar_description/lib/python3.12/site-packages/racecar-description.egg-link (link to .)

Installed /home/racecar/ros2_ws/src/Team10_GROS5/build/racecar_description
running symlink_data
symbolically linking /home/racecar/ros2_ws/src/Team10_GROS5/build/racecar_description/resource/racecar_description -> /home/racecar/ros2_ws/src/Team10_GROS5/install/racecar_description/share/ament_index/resource_index/packages
symbolically linking /home/racecar/ros2_ws/src/Team10_GROS5/build/racecar_description/package.xml -> /home/racecar/ros2_ws/src/Team10_GROS5/install/racecar_description/share/racecar_description
symbolically linking /home/racecar/ros2_ws/src/Team10_GROS5/build/racecar_description/urdf/materials.xacro -> /home/racecar/ros2_ws/src/Team10_GROS5/install/racecar_description/share/racecar_description/urdf
symbolically linking /home/racecar/ros2_ws/src/Team10_GROS5/build/racecar_description/urdf/racecar.xacro -> /home/racecar/ros2_ws/src/Team10_GROS5/install/racecar_description/share/racecar_description/urdf
symbolically linking /home/racecar/ros2_ws/src/Team10_GROS5/build/racecar_description/urdf/macros.xacro -> /home/racecar/ros2_ws/src/Team10_GROS5/install/racecar_description/share/racecar_description/urdf
symbolically linking /home/racecar/ros2_ws/src/Team10_GROS5/build/racecar_description/urdf/racecar.gazebo -> /home/racecar/ros2_ws/src/Team10_GROS5/install/racecar_description/share/racecar_description/urdf
symbolically linking /home/racecar/ros2_ws/src/Team10_GROS5/build/racecar_description/meshes/right_rear_wheel.dae -> /home/racecar/ros2_ws/src/Team10_GROS5/install/racecar_description/share/racecar_description/meshes
symbolically linking /home/racecar/ros2_ws/src/Team10_GROS5/build/racecar_description/meshes/left_steering_hinge.STL -> /home/racecar/ros2_ws/src/Team10_GROS5/install/racecar_description/share/racecar_description/meshes
symbolically linking /home/racecar/ros2_ws/src/Team10_GROS5/build/racecar_description/meshes/right_front_wheel.STL -> /home/racecar/ros2_ws/src/Team10_GROS5/install/racecar_description/share/racecar_description/meshes
symbolically linking /home/racecar/ros2_ws/src/Team10_GROS5/build/racecar_description/meshes/left_steering_hinge.dae -> /home/racecar/ros2_ws/src/Team10_GROS5/install/racecar_description/share/racecar_description/meshes
symbolically linking /home/racecar/ros2_ws/src/Team10_GROS5/build/racecar_description/meshes/right_steering_hinge.dae -> /home/racecar/ros2_ws/src/Team10_GROS5/install/racecar_description/share/racecar_description/meshes
symbolically linking /home/racecar/ros2_ws/src/Team10_GROS5/build/racecar_description/meshes/chassis.dae -> /home/racecar/ros2_ws/src/Team10_GROS5/install/racecar_description/share/racecar_description/meshes
symbolically linking /home/racecar/ros2_ws/src/Team10_GROS5/build/racecar_description/meshes/chassis.STL -> /home/racecar/ros2_ws/src/Team10_GROS5/install/racecar_description/share/racecar_description/meshes
symbolically linking /home/racecar/ros2_ws/src/Team10_GROS5/build/racecar_description/meshes/hokuyo.dae -> /home/racecar/ros2_ws/src/Team10_GROS5/install/racecar_description/share/racecar_description/meshes
symbolically linking /home/racecar/ros2_ws/src/Team10_GROS5/build/racecar_description/meshes/right_front_wheel.dae -> /home/racecar/ros2_ws/src/Team10_GROS5/install/racecar_description/share/racecar_description/meshes
symbolically linking /home/racecar/ros2_ws/src/Team10_GROS5/build/racecar_description/meshes/left_front_wheel.dae -> /home/racecar/ros2_ws/src/Team10_GROS5/install/racecar_description/share/racecar_description/meshes
symbolically linking /home/racecar/ros2_ws/src/Team10_GROS5/build/racecar_description/meshes/left_front_wheel.STL -> /home/racecar/ros2_ws/src/Team10_GROS5/install/racecar_description/share/racecar_description/meshes
symbolically linking /home/racecar/ros2_ws/src/Team10_GROS5/build/racecar_description/meshes/left_rear_wheel.STL -> /home/racecar/ros2_ws/src/Team10_GROS5/install/racecar_description/share/racecar_description/meshes
symbolically linking /home/racecar/ros2_ws/src/Team10_GROS5/build/racecar_description/meshes/left_rear_wheel.dae -> /home/racecar/ros2_ws/src/Team10_GROS5/install/racecar_description/share/racecar_description/meshes
symbolically linking /home/racecar/ros2_ws/src/Team10_GROS5/build/racecar_description/meshes/right_rear_wheel.STL -> /home/racecar/ros2_ws/src/Team10_GROS5/install/racecar_description/share/racecar_description/meshes
symbolically linking /home/racecar/ros2_ws/src/Team10_GROS5/build/racecar_description/meshes/right_steering_hinge.STL -> /home/racecar/ros2_ws/src/Team10_GROS5/install/racecar_description/share/racecar_description/meshes
symbolically linking /home/racecar/ros2_ws/src/Team10_GROS5/build/racecar_description/config/ros_bridge.yaml -> /home/racecar/ros2_ws/src/Team10_GROS5/install/racecar_description/share/racecar_description/config
