running develop
running egg_info
writing racecar_behaviors.egg-info/PKG-INFO
writing dependency_links to racecar_behaviors.egg-info/dependency_links.txt
writing entry points to racecar_behaviors.egg-info/entry_points.txt
writing requirements to racecar_behaviors.egg-info/requires.txt
writing top-level names to racecar_behaviors.egg-info/top_level.txt
reading manifest file 'racecar_behaviors.egg-info/SOURCES.txt'
writing manifest file 'racecar_behaviors.egg-info/SOURCES.txt'
running build_ext
Creating /home/racecar/ros2_ws/src/Team10_GROS5/install/racecar_behaviors/lib/python3.12/site-packages/racecar-behaviors.egg-link (link to .)
Installing blob_detector script to /home/racecar/ros2_ws/src/Team10_GROS5/install/racecar_behaviors/lib/racecar_behaviors
Installing goal_planner script to /home/racecar/ros2_ws/src/Team10_GROS5/install/racecar_behaviors/lib/racecar_behaviors
Installing labo_brushfire script to /home/racecar/ros2_ws/src/Team10_GROS5/install/racecar_behaviors/lib/racecar_behaviors
Installing laserscan_to_pointcloud script to /home/racecar/ros2_ws/src/Team10_GROS5/install/racecar_behaviors/lib/racecar_behaviors
Installing libbehaviors script to /home/racecar/ros2_ws/src/Team10_GROS5/install/racecar_behaviors/lib/racecar_behaviors
Installing obstacle_detector script to /home/racecar/ros2_ws/src/Team10_GROS5/install/racecar_behaviors/lib/racecar_behaviors
Installing path_following script to /home/racecar/ros2_ws/src/Team10_GROS5/install/racecar_behaviors/lib/racecar_behaviors
Installing u_turn script to /home/racecar/ros2_ws/src/Team10_GROS5/install/racecar_behaviors/lib/racecar_behaviors
Installing u_turn_goal script to /home/racecar/ros2_ws/src/Team10_GROS5/install/racecar_behaviors/lib/racecar_behaviors

Installed /home/racecar/ros2_ws/src/Team10_GROS5/build/racecar_behaviors
running symlink_data
symbolically linking /home/racecar/ros2_ws/src/Team10_GROS5/build/racecar_behaviors/resource/racecar_behaviors -> /home/racecar/ros2_ws/src/Team10_GROS5/install/racecar_behaviors/share/ament_index/resource_index/packages
symbolically linking /home/racecar/ros2_ws/src/Team10_GROS5/build/racecar_behaviors/package.xml -> /home/racecar/ros2_ws/src/Team10_GROS5/install/racecar_behaviors/share/racecar_behaviors
symbolically linking /home/racecar/ros2_ws/src/Team10_GROS5/build/racecar_behaviors/launch/behaviors.launch.py -> /home/racecar/ros2_ws/src/Team10_GROS5/install/racecar_behaviors/share/racecar_behaviors
symbolically linking /home/racecar/ros2_ws/src/Team10_GROS5/build/racecar_behaviors/launch/blob_detection.launch.py -> /home/racecar/ros2_ws/src/Team10_GROS5/install/racecar_behaviors/share/racecar_behaviors
symbolically linking /home/racecar/ros2_ws/src/Team10_GROS5/build/racecar_behaviors/cfg/BlobDetector.cfg -> /home/racecar/ros2_ws/src/Team10_GROS5/install/racecar_behaviors/share/racecar_behaviors
